// Jest Snapshot v1, https://goo.gl/fbAQLP

exports[`<Progress /> should be render some <Progress /> components 1`] = `
<div>
  <div
    class="sky-progress-line-wrapper sky-progress-line-normal progresscss__LineWrapper-qlii17-0 dJdwwr"
  >
    <svg
      class="sky-progress-line"
      preserveAspectRatio="none"
      viewBox="0 0 100 1.5"
    >
      <path
        class="sky-progress-line-trail"
        d="M 0.75, 0.75 L 99.25, 0.75"
        fill-opacity="0"
        stroke="#f5f5f5"
        stroke-linecap="round"
        stroke-width="1.5"
      />
      <path
        class="sky-progress-line-path"
        d="M 0.75, 0.75 L 99.25, 0.75"
        fill-opacity="0"
        stroke="#f5f5f5"
        stroke-linecap="round"
        stroke-width="1.5"
        style="stroke-dasharray:0px, 100px;stroke-dashoffset:0px;transition:stroke-dashoffset 0.3s ease 0s, stroke-dasharray 0.3s ease 0s, stroke 0.3s linear"
      />
    </svg>
    <span
      class="sky-progress-info"
    >
      0%
    </span>
  </div>
  <div
    class="sky-progress-circle-wrapper sky-progress-circle-normal progresscss__CircleWrapper-qlii17-1 fUyPWZ"
  >
    <svg
      class="sky-progress-circle"
      viewBox="0 0 100 100"
    >
      <path
        class="sky-progress-circle-trail"
        d="M 50,50 m 0,47.75
     a 47.75,47.75 0 1 1 0,-95.5
     a 47.75,47.75 0 1 1 0,95.5"
        fill-opacity="0"
        stroke="#f5f5f5"
        stroke-linecap="round"
        stroke-width="4.5"
        style="stroke-dasharray:230.02209841782525px 300.02209841782525px;stroke-dashoffset:-35px;transition:stroke-dashoffset 0.3s ease 0s, stroke-dasharray 0.3s ease 0s, stroke 0.3s, stroke-width 0.06s ease 0.3s"
      />
      <path
        class="sky-progress-circle-path"
        d="M 50,50 m 0,47.75
     a 47.75,47.75 0 1 1 0,-95.5
     a 47.75,47.75 0 1 1 0,95.5"
        fill-opacity="0"
        stroke="#f5f5f5"
        stroke-linecap="round"
        stroke-width="0"
        style="stroke-dasharray:0px 300.02209841782525px;stroke-dashoffset:-35px;transition:stroke-dashoffset 0.3s ease 0s, stroke-dasharray 0.3s ease 0s, stroke 0.3s, stroke-width 0.06s ease 0.3s"
      />
    </svg>
    <span
      class="sky-progress-info"
    >
      0%
    </span>
  </div>
  <div
    class="sky-progress-circle-wrapper sky-progress-circle-normal progresscss__CircleWrapper-qlii17-1 fUyPWZ"
  >
    <svg
      class="sky-progress-circle"
      viewBox="0 0 100 100"
    >
      <path
        class="sky-progress-circle-trail"
        d="M 50,50 m 0,-47.75
     a 47.75,47.75 0 1 1 0,95.5
     a 47.75,47.75 0 1 1 0,-95.5"
        fill-opacity="0"
        stroke="#f5f5f5"
        stroke-linecap="round"
        stroke-width="4.5"
        style="stroke-dasharray:300.02209841782525px 300.02209841782525px;stroke-dashoffset:-0px;transition:stroke-dashoffset 0.3s ease 0s, stroke-dasharray 0.3s ease 0s, stroke 0.3s, stroke-width 0.06s ease 0.3s"
      />
      <path
        class="sky-progress-circle-path"
        d="M 50,50 m 0,-47.75
     a 47.75,47.75 0 1 1 0,95.5
     a 47.75,47.75 0 1 1 0,-95.5"
        fill-opacity="0"
        stroke="#f5f5f5"
        stroke-linecap="round"
        stroke-width="0"
        style="stroke-dasharray:0px 300.02209841782525px;stroke-dashoffset:-0px;transition:stroke-dashoffset 0.3s ease 0s, stroke-dasharray 0.3s ease 0s, stroke 0.3s, stroke-width 0.06s ease 0.3s"
      />
    </svg>
    <span
      class="sky-progress-info"
    >
      0%
    </span>
  </div>
  <div
    class="sky-progress-line-wrapper sky-progress-line-success progresscss__LineWrapper-qlii17-0 dJdwwr"
  >
    <svg
      class="sky-progress-line"
      preserveAspectRatio="none"
      viewBox="0 0 100 1.5"
    >
      <path
        class="sky-progress-line-trail"
        d="M 0.75, 0.75 L 99.25, 0.75"
        fill-opacity="0"
        stroke="#f5f5f5"
        stroke-linecap="round"
        stroke-width="1.5"
      />
      <path
        class="sky-progress-line-path"
        d="M 0.75, 0.75 L 99.25, 0.75"
        fill-opacity="0"
        stroke="#52c41a"
        stroke-linecap="round"
        stroke-width="1.5"
        style="stroke-dasharray:100px, 100px;stroke-dashoffset:0px;transition:stroke-dashoffset 0.3s ease 0s, stroke-dasharray 0.3s ease 0s, stroke 0.3s linear"
      />
    </svg>
    <span
      class="sky-progress-info"
    >
      <svg
        fill="currentColor"
        height="1em"
        stroke="currentColor"
        stroke-width="0"
        style="color:#52c41a"
        viewBox="0 0 512 512"
        width="1em"
      >
        <path
          d="M256 8C119.033 8 8 119.033 8 256s111.033 248 248 248 248-111.033 248-248S392.967 8 256 8zm0 48c110.532 0 200 89.451 200 200 0 110.532-89.451 200-200 200-110.532 0-200-89.451-200-200 0-110.532 89.451-200 200-200m140.204 130.267l-22.536-22.718c-4.667-4.705-12.265-4.736-16.97-.068L215.346 303.697l-59.792-60.277c-4.667-4.705-12.265-4.736-16.97-.069l-22.719 22.536c-4.705 4.667-4.736 12.265-.068 16.971l90.781 91.516c4.667 4.705 12.265 4.736 16.97.068l172.589-171.204c4.704-4.668 4.734-12.266.067-16.971z"
        />
      </svg>
    </span>
  </div>
</div>
`;
