// Jest Snapshot v1, https://goo.gl/fbAQLP

exports[`Timeline should render some Timeline components 1`] = `
<div>
  <div
    class="sky-timeline-wrapper sky-timeline-wrapper-left timelinecss__TimelineWrapper-sc-1vumii2-0 BbkAW"
  >
    <li
      class="sky-timeline-item sky-timeline-item-left timelinecss__TimelineItemWrapper-sc-1vumii2-1 ecnAVp"
      color="blue"
    >
      <div
        class="sky-timeline-item-tail"
      />
      <div
        class="sky-timeline-item-head"
      />
      <div
        class="sky-timeline-item-content"
      >
        Create a services site 2015-09-01
      </div>
    </li>
    <li
      class="sky-timeline-item sky-timeline-item-left timelinecss__TimelineItemWrapper-sc-1vumii2-1 ecnAVp"
      color="blue"
    >
      <div
        class="sky-timeline-item-tail"
      />
      <div
        class="sky-timeline-item-head"
      />
      <div
        class="sky-timeline-item-content"
      >
        Solve initial network problems 2015-09-01
      </div>
    </li>
    <li
      class="sky-timeline-item sky-timeline-item-left timelinecss__TimelineItemWrapper-sc-1vumii2-1 ecnAVp"
      color="blue"
    >
      <div
        class="sky-timeline-item-tail"
      />
      <div
        class="sky-timeline-item-head"
      />
      <div
        class="sky-timeline-item-content"
      >
        Technical testing 2015-09-01
      </div>
    </li>
    <li
      class="sky-timeline-item sky-timeline-item-last sky-timeline-item-left timelinecss__TimelineItemWrapper-sc-1vumii2-1 ecnAVp"
      color="blue"
    >
      <div
        class="sky-timeline-item-tail"
      />
      <div
        class="sky-timeline-item-head"
      />
      <div
        class="sky-timeline-item-content"
      >
        Network problems being solved 2015-09-01
      </div>
    </li>
  </div>
  <div
    class="sky-timeline-wrapper sky-timeline-wrapper-left sky-timeline-wrapper-pending timelinecss__TimelineWrapper-sc-1vumii2-0 BbkAW"
  >
    <li
      class="sky-timeline-item sky-timeline-item-left timelinecss__TimelineItemWrapper-sc-1vumii2-1 ecnAVp"
      color="blue"
    >
      <div
        class="sky-timeline-item-tail"
      />
      <div
        class="sky-timeline-item-head"
      />
      <div
        class="sky-timeline-item-content"
      >
        Create a services site 2015-09-01
      </div>
    </li>
    <li
      class="sky-timeline-item sky-timeline-item-left timelinecss__TimelineItemWrapper-sc-1vumii2-1 ecnAVp"
      color="blue"
    >
      <div
        class="sky-timeline-item-tail"
      />
      <div
        class="sky-timeline-item-head"
      />
      <div
        class="sky-timeline-item-content"
      >
        Solve initial network problems 2015-09-01
      </div>
    </li>
    <li
      class="sky-timeline-item sky-timeline-item-last sky-timeline-item-left timelinecss__TimelineItemWrapper-sc-1vumii2-1 ecnAVp"
      color="blue"
    >
      <div
        class="sky-timeline-item-tail"
      />
      <div
        class="sky-timeline-item-head"
      />
      <div
        class="sky-timeline-item-content"
      >
        Technical testing 2015-09-01
      </div>
    </li>
    <li
      class="sky-timeline-item sky-timeline-item-left sky-timeline-item-pending timelinecss__TimelineItemWrapper-sc-1vumii2-1 ecnAVp"
      color="blue"
    >
      <div
        class="sky-timeline-item-tail"
      />
      <div
        class="sky-timeline-item-head sky-timeline-item-head-custom"
      >
        <svg
          class="sky-timeline-item-head-custom-icon"
          fill="currentColor"
          height="1em"
          version="1.1"
          viewBox="0 0 1024 1024"
          width="1em"
          xlink="http://www.w3.org/1999/xlink"
          xmlns="http://www.w3.org/2000/svg"
        >
          <defs />
          <path
            d="M988 548c-19.9 0-36-16.1-36-36 0-59.4-11.6-117-34.6-171.3a440.45 440.45 0 0 0-94.3-139.9 437.71 437.71 0 0 0-139.9-94.3C629 83.6 571.4 72 512 72c-19.9 0-36-16.1-36-36s16.1-36 36-36c69.1 0 136.2 13.5 199.3 40.3C772.3 66 827 103 874 150c47 47 83.9 101.8 109.7 162.7 26.7 63.1 40.2 130.2 40.2 199.3 0.1 19.9-16 36-35.9 36z"
            p-id="1345"
          />
        </svg>
      </div>
      <div
        class="sky-timeline-item-content"
      >
        Recording...
      </div>
    </li>
  </div>
  <div
    class="sky-timeline-wrapper sky-timeline-wrapper-alternate timelinecss__TimelineWrapper-sc-1vumii2-0 BbkAW"
  >
    <li
      class="sky-timeline-item sky-timeline-item-left timelinecss__TimelineItemWrapper-sc-1vumii2-1 ecnAVp"
      color="blue"
    >
      <div
        class="sky-timeline-item-tail"
      />
      <div
        class="sky-timeline-item-head"
      />
      <div
        class="sky-timeline-item-content"
      >
        Create a services site 2015-09-01
      </div>
    </li>
    <li
      class="sky-timeline-item sky-timeline-item-right timelinecss__TimelineItemWrapper-sc-1vumii2-1 ceYtjC"
      color="green"
    >
      <div
        class="sky-timeline-item-tail"
      />
      <div
        class="sky-timeline-item-head"
      />
      <div
        class="sky-timeline-item-content"
      >
        Solve initial network problems 2015-09-01
      </div>
    </li>
    <li
      class="sky-timeline-item sky-timeline-item-left timelinecss__TimelineItemWrapper-sc-1vumii2-1 ecnAVp"
      color="blue"
    >
      <div
        class="sky-timeline-item-tail"
      />
      <div
        class="sky-timeline-item-head sky-timeline-item-head-custom"
      >
        <svg
          fill="currentColor"
          height="1em"
          stroke="currentColor"
          stroke-width="0"
          style="color:red;font-size:18px"
          viewBox="0 0 512 512"
          width="1em"
        >
          <path
            d="M235.4 172.2c0-11.4 9.3-19.9 20.5-19.9 11.4 0 20.7 8.5 20.7 19.9s-9.3 20-20.7 20c-11.2 0-20.5-8.6-20.5-20zm1.4 35.7H275V352h-38.2V207.9z"
          />
          <path
            d="M256 76c48.1 0 93.3 18.7 127.3 52.7S436 207.9 436 256s-18.7 93.3-52.7 127.3S304.1 436 256 436c-48.1 0-93.3-18.7-127.3-52.7S76 304.1 76 256s18.7-93.3 52.7-127.3S207.9 76 256 76m0-28C141.1 48 48 141.1 48 256s93.1 208 208 208 208-93.1 208-208S370.9 48 256 48z"
          />
        </svg>
      </div>
      <div
        class="sky-timeline-item-content"
      >
        Sed ut perspiciatis unde omnis iste natus error sit voluptatem accusantium doloremque laudantium, totam rem aperiam, eaque ipsa quae ab illo inventore veritatis et quasi architecto beatae vitae dicta sunt explicabo.
      </div>
    </li>
    <li
      class="sky-timeline-item sky-timeline-item-right timelinecss__TimelineItemWrapper-sc-1vumii2-1 dOfllj"
      color="red"
    >
      <div
        class="sky-timeline-item-tail"
      />
      <div
        class="sky-timeline-item-head"
      />
      <div
        class="sky-timeline-item-content"
      >
        Network problems being solved 2015-09-01
      </div>
    </li>
    <li
      class="sky-timeline-item sky-timeline-item-left timelinecss__TimelineItemWrapper-sc-1vumii2-1 ecnAVp"
      color="blue"
    >
      <div
        class="sky-timeline-item-tail"
      />
      <div
        class="sky-timeline-item-head"
      />
      <div
        class="sky-timeline-item-content"
      >
        Create a services site 2015-09-01
      </div>
    </li>
    <li
      class="sky-timeline-item sky-timeline-item-last sky-timeline-item-right timelinecss__TimelineItemWrapper-sc-1vumii2-1 ecnAVp"
      color="blue"
    >
      <div
        class="sky-timeline-item-tail"
      />
      <div
        class="sky-timeline-item-head sky-timeline-item-head-custom"
      >
        <svg
          fill="currentColor"
          height="1em"
          stroke="currentColor"
          stroke-width="0"
          style="color:red;font-size:18px"
          viewBox="0 0 512 512"
          width="1em"
        >
          <path
            d="M235.4 172.2c0-11.4 9.3-19.9 20.5-19.9 11.4 0 20.7 8.5 20.7 19.9s-9.3 20-20.7 20c-11.2 0-20.5-8.6-20.5-20zm1.4 35.7H275V352h-38.2V207.9z"
          />
          <path
            d="M256 76c48.1 0 93.3 18.7 127.3 52.7S436 207.9 436 256s-18.7 93.3-52.7 127.3S304.1 436 256 436c-48.1 0-93.3-18.7-127.3-52.7S76 304.1 76 256s18.7-93.3 52.7-127.3S207.9 76 256 76m0-28C141.1 48 48 141.1 48 256s93.1 208 208 208 208-93.1 208-208S370.9 48 256 48z"
          />
        </svg>
      </div>
      <div
        class="sky-timeline-item-content"
      >
        Technical testing 2015-09-01
      </div>
    </li>
  </div>
</div>
`;
